// Jest Snapshot v1, https://goo.gl/fbAQLP

exports[`Component: Field should render properly 1`] = `
<div
  class="field"
  data-testid="field"
>
  <label
    class="label"
  >
    Test Label
  </label>
  <div
    class="control"
  >
    <p>
      Test
    </p>
  </div>
  <p
    class="help"
  >
    Test Help
  </p>
</div>
`;

exports[`Component: Field should render properly without any props 1`] = `
<div
  class="field"
  data-testid="field"
/>
`;
